// Jest Snapshot v1, https://goo.gl/fbAQLP

exports[`Trying render Wrapper Component and its children without crash. Check if Wrapper Component corrently Renders 1`] = `ShallowWrapper {}`;
