// Jest Snapshot v1, https://goo.gl/fbAQLP

exports[`Test if Header Component renders without crash 1`] = `ShallowWrapper {}`;
