// Jest Snapshot v1, https://goo.gl/fbAQLP

exports[`Test if ContentResult Component renders without crash 1`] = `ShallowWrapper {}`;
